// Vitest Snapshot v1, https://vitest.dev/guide/snapshot.html

exports[`Componente PageNotFound > Se renderiza correctamente 1`] = `
<div>
  <div
    class="product-not__div"
  >
    <article
      class="product-not__article"
    >
      <img
        alt=""
        height="20"
        src="/src/assets/productnot.svg"
        width="20"
      />
      <div>
        <p>
          No hay publicaciones que coincidan con tu búsqueda
        </p>
        <ul>
          <li>
            Revisá la ortografía de la palabra.
          </li>
          <li>
            Utilizá palabras más genéricas o menos palabras.
          </li>
        </ul>
      </div>
    </article>
  </div>
</div>
`;
