// Vitest Snapshot v1, https://vitest.dev/guide/snapshot.html

exports[`Componente Breadcrumb > Renderiza las categorias 1`] = `
<div>
  <ol
    class="breadcrumb"
  >
    <li>
      <a
        href="#"
      >
        Almacen
      </a>
    </li>
    <li>
      <a
        href="#"
      >
        Supermercado
      </a>
    </li>
    <li>
      <a
        href="#"
      >
        Alimentos
      </a>
    </li>
  </ol>
</div>
`;

exports[`Componente Breadcrumb > Renderiza null si no recibe categorias 1`] = `<div />`;
